[2026-08-05 17:55:52] [INFO] Starting audit mode. LowFreeSpacePercent=15, SkipOptimizationAnalysis=True
[2026-08-05 17:55:53] [INFO] Scanning drive: C:
[2026-08-05 17:55:54] [INFO] Optimization analysis skipped for C: requested by parameter.
[2026-08-05 17:55:54] [INFO] Reported drive C: with status Healthy
[2026-08-05 17:55:54] [ERROR] Failed to process drive 'C:': The property 'OptimizationStatus' cannot be found on this object. Verify that the property exists.
[2026-08-05 17:55:54] [INFO] Scanning drive: D:
[2026-08-05 17:55:54] [INFO] Optimization analysis skipped for D: requested by parameter.
[2026-08-05 17:55:54] [INFO] Reported drive D: with status Healthy
[2026-08-05 17:55:54] [ERROR] Failed to process drive 'D:': The property 'OptimizationStatus' cannot be found on this object. Verify that the property exists.
[2026-08-05 17:55:54] [INFO] DRY RUN: Would write report to C:\Users\labuser\Documents\Training\day3\reports\disk-health-reporter-audit-20260805-175552.csv
[2026-08-05 17:55:54] [INFO] Run summary:
[2026-08-05 17:55:54] [INFO] Mode: audit
[2026-08-05 17:55:54] [INFO] LowFreeSpacePercent: 15
[2026-08-05 17:55:54] [INFO] DrivesScanned: 2
[2026-08-05 17:55:54] [INFO] VolumesReported: 2
[2026-08-05 17:55:54] [INFO] HealthyVolumes: 2
[2026-08-05 17:55:54] [INFO] WarningVolumes: 0
[2026-08-05 17:55:54] [INFO] CriticalVolumes: 0
[2026-08-05 17:55:54] [INFO] LowFreeSpaceVolumes: 0
[2026-08-05 17:55:54] [INFO] OptimizationAnalysed: 0
[2026-08-05 17:55:54] [INFO] OptimizationSkipped: 2
[2026-08-05 17:55:54] [INFO] OptimizationUnavailable: 0
[2026-08-05 17:55:54] [INFO] DryRunWouldWriteReport: 1
[2026-08-05 17:55:54] [INFO] RollbackRestored: 0
[2026-08-05 17:55:54] [INFO] RollbackSkipped: 0
[2026-08-05 17:55:54] [INFO] Errors: 2
[2026-08-05 17:55:54] [INFO] LogFile: C:\Users\labuser\Documents\Training\day3\logs\disk-health-reporter-audit-20260805-175552.log
