[2026-08-05 12:21:25] [INFO] Starting cleanup mode. OlderThanDays=0, DryRun=True
[2026-08-05 12:21:25] [INFO] Scanning target: C:\Users\labuser\AppData\Local\Temp
[2026-08-05 12:21:25] [WARN] Locked file skipped: C:\Users\labuser\AppData\Local\Temp\2\fd4caa90-aad6-4a12-88f3-6c5fc9f726a0.tmp
[2026-08-05 12:21:25] [INFO] DRY RUN: Would move 'C:\Users\labuser\AppData\Local\Temp\2\gen_py\3.9\dicts.dat' to 'C:\Users\labuser\Documents\Training\day3\quarantine\cleanup-20260805-122125\ed7f16e269e2441ba8159e1b673bd6b7_dicts.dat'
[2026-08-05 12:21:25] [INFO] DRY RUN: Would move 'C:\Users\labuser\AppData\Local\Temp\2\gen_py\3.9\__init__.py' to 'C:\Users\labuser\Documents\Training\day3\quarantine\cleanup-20260805-122125\33b3f0bc2a2e4654bc88d2f56929101d___init__.py'
[2026-08-05 12:21:25] [INFO] DRY RUN: Would move 'C:\Users\labuser\AppData\Local\Temp\2\vscode-stable-system-x64\CodeSetup-stable-df53daabb18cd157bdb08c7f01c34df936cf12f4.exe' to 'C:\Users\labuser\Documents\Training\day3\quarantine\cleanup-20260805-122125\0189d084b1894d65939e0d48e6e6b21c_CodeSetup-stable-df53daabb18cd157bdb08c7f01c34df936cf12f4.exe'
[2026-08-05 12:21:25] [INFO] DRY RUN: Would move 'C:\Users\labuser\AppData\Local\Temp\2\vscode-stable-system-x64\update-metadata.json' to 'C:\Users\labuser\Documents\Training\day3\quarantine\cleanup-20260805-122125\1fe3b1c6b2bc434ea911ad4069d06d8e_update-metadata.json'
[2026-08-05 12:21:25] [INFO] Scanning target: C:\Windows\Temp
[2026-08-05 12:21:25] [INFO] DRY RUN: Would move 'C:\Windows\Temp\bb3a785178f443fda931098a5a9a306b.db.ses' to 'C:\Users\labuser\Documents\Training\day3\quarantine\cleanup-20260805-122125\804c3ae8dee7427eb7590be8686920a6_bb3a785178f443fda931098a5a9a306b.db.ses'
[2026-08-05 12:21:25] [INFO] DRY RUN: Would move 'C:\Windows\Temp\MpCmdRun.log' to 'C:\Users\labuser\Documents\Training\day3\quarantine\cleanup-20260805-122125\76fa9aaa912d47d294acbad33f429c8e_MpCmdRun.log'
[2026-08-05 12:21:25] [INFO] DRY RUN: Would move 'C:\Windows\Temp\MpSigStub.log' to 'C:\Users\labuser\Documents\Training\day3\quarantine\cleanup-20260805-122125\9d34f600037847f79b4f045dddb9001d_MpSigStub.log'
[2026-08-05 12:21:25] [INFO] DRY RUN: Would move 'C:\Windows\Temp\silconfig.log' to 'C:\Users\labuser\Documents\Training\day3\quarantine\cleanup-20260805-122125\2bf13ae1c4b54f98be486de49e936311_silconfig.log'
[2026-08-05 12:21:25] [INFO] DRY RUN: Would move 'C:\Windows\Temp\_env.cmd' to 'C:\Users\labuser\Documents\Training\day3\quarantine\cleanup-20260805-122125\7a1e67c475034b8da4ddbd4af9896ffe__env.cmd'
[2026-08-05 12:21:25] [INFO] DRY RUN: Would move 'C:\Windows\Temp\chocolatey\activitywatch\0.13.2\activitywatch-v0.13.2-windows-x86_64.zip' to 'C:\Users\labuser\Documents\Training\day3\quarantine\cleanup-20260805-122125\3bbee021e026402391386c4553d64226_activitywatch-v0.13.2-windows-x86_64.zip'
[2026-08-05 12:21:25] [INFO] DRY RUN: Would move 'C:\Windows\Temp\chocolatey\chocoInstall\chocolatey.nuspec' to 'C:\Users\labuser\Documents\Training\day3\quarantine\cleanup-20260805-122125\9847a21f238f48788c29975ac92363d3_chocolatey.nuspec'
[2026-08-05 12:21:25] [INFO] DRY RUN: Would move 'C:\Windows\Temp\chocolatey\chocoInstall\chocolatey.zip' to 'C:\Users\labuser\Documents\Training\day3\quarantine\cleanup-20260805-122125\d326a883d59c45f5b304ce2a900c5b53_chocolatey.zip'
[2026-08-05 12:21:25] [INFO] DRY RUN: Would move 'C:\Windows\Temp\chocolatey\chocoInstall\[Content_Types].xml' to 'C:\Users\labuser\Documents\Training\day3\quarantine\cleanup-20260805-122125\01c05a67f5b445809c7d2919571746f6_[Content_Types].xml'
[2026-08-05 12:21:25] [INFO] DRY RUN: Would move 'C:\Windows\Temp\chocolatey\chocoInstall\package\services\metadata\core-properties\5ad4dc75cc79452d8e7e738cb4a3286e.psmdcp' to 'C:\Users\labuser\Documents\Training\day3\quarantine\cleanup-20260805-122125\18ce08b9b7464403beced2fba879bf92_5ad4dc75cc79452d8e7e738cb4a3286e.psmdcp'
[2026-08-05 12:21:25] [INFO] DRY RUN: Would move 'C:\Windows\Temp\chocolatey\chocoInstall\tools\chocolateyInstall.ps1' to 'C:\Users\labuser\Documents\Training\day3\quarantine\cleanup-20260805-122125\f7a1de9ddc174bc7810dee711fc017b3_chocolateyInstall.ps1'
[2026-08-05 12:21:25] [INFO] DRY RUN: Would move 'C:\Windows\Temp\chocolatey\chocoInstall\tools\chocolateysetup.psm1' to 'C:\Users\labuser\Documents\Training\day3\quarantine\cleanup-20260805-122125\3c19317b6fc947efb8e51c4446d0ee2f_chocolateysetup.psm1'
[2026-08-05 12:21:25] [INFO] DRY RUN: Would move 'C:\Windows\Temp\chocolatey\chocoInstall\tools\init.ps1' to 'C:\Users\labuser\Documents\Training\day3\quarantine\cleanup-20260805-122125\15b1eaa9712e452d8e7b5210d0055698_init.ps1'
[2026-08-05 12:21:25] [INFO] DRY RUN: Would move 'C:\Windows\Temp\chocolatey\chocoInstall\tools\VERIFICATION.txt' to 'C:\Users\labuser\Documents\Training\day3\quarantine\cleanup-20260805-122125\34c8e8983ca0494faaf7c2ce6b144227_VERIFICATION.txt'
[2026-08-05 12:21:25] [INFO] DRY RUN: Would move 'C:\Windows\Temp\chocolatey\chocoInstall\tools\chocolateyInstall\choco.exe' to 'C:\Users\labuser\Documents\Training\day3\quarantine\cleanup-20260805-122125\885a9ebb98564b7798d0518f75478063_choco.exe'
[2026-08-05 12:21:25] [INFO] DRY RUN: Would move 'C:\Windows\Temp\chocolatey\chocoInstall\tools\chocolateyInstall\choco.exe.ignore' to 'C:\Users\labuser\Documents\Training\day3\quarantine\cleanup-20260805-122125\20a455f7157f405caabeae1aec755f8c_choco.exe.ignore'
[2026-08-05 12:21:26] [INFO] DRY RUN: Would move 'C:\Windows\Temp\chocolatey\chocoInstall\tools\chocolateyInstall\choco.exe.manifest' to 'C:\Users\labuser\Documents\Training\day3\quarantine\cleanup-20260805-122125\68c6f19d768845238850d7a85447365d_choco.exe.manifest'
[2026-08-05 12:21:26] [INFO] DRY RUN: Would move 'C:\Windows\Temp\chocolatey\chocoInstall\tools\chocolateyInstall\CREDITS.txt' to 'C:\Users\labuser\Documents\Training\day3\quarantine\cleanup-20260805-122125\df1ad43e4f34437fab4b568715657d0c_CREDITS.txt'
[2026-08-05 12:21:26] [INFO] DRY RUN: Would move 'C:\Windows\Temp\chocolatey\chocoInstall\tools\chocolateyInstall\LICENSE.txt' to 'C:\Users\labuser\Documents\Training\day3\quarantine\cleanup-20260805-122125\f724bfb011f241a1aab18f74310d623d_LICENSE.txt'
[2026-08-05 12:21:26] [INFO] DRY RUN: Would move 'C:\Windows\Temp\chocolatey\chocoInstall\tools\chocolateyInstall\helpers\chocolateyInstaller.psm1' to 'C:\Users\labuser\Documents\Training\day3\quarantine\cleanup-20260805-122125\4e34eb10006f462f828e5252a4dc43ee_chocolateyInstaller.psm1'
[2026-08-05 12:21:26] [INFO] DRY RUN: Would move 'C:\Windows\Temp\chocolatey\chocoInstall\tools\chocolateyInstall\helpers\chocolateyProfile.psm1' to 'C:\Users\labuser\Documents\Training\day3\quarantine\cleanup-20260805-122125\f88b1f81bc0541068823b1e5dfeb8ae9_chocolateyProfile.psm1'
[2026-08-05 12:21:26] [INFO] DRY RUN: Would move 'C:\Windows\Temp\chocolatey\chocoInstall\tools\chocolateyInstall\helpers\chocolateyScriptRunner.ps1' to 'C:\Users\labuser\Documents\Training\day3\quarantine\cleanup-20260805-122125\f8ffbf0b66f74a5e9acceedbe5e0af0b_chocolateyScriptRunner.ps1'
[2026-08-05 12:21:26] [INFO] DRY RUN: Would move 'C:\Windows\Temp\chocolatey\chocoInstall\tools\chocolateyInstall\helpers\ChocolateyTabExpansion.ps1' to 'C:\Users\labuser\Documents\Training\day3\quarantine\cleanup-20260805-122125\d9c2ec7f6a8942979068fefbcb6e35c4_ChocolateyTabExpansion.ps1'
[2026-08-05 12:21:26] [INFO] DRY RUN: Would move 'C:\Windows\Temp\chocolatey\chocoInstall\tools\chocolateyInstall\helpers\functions\Format-FileSize.ps1' to 'C:\Users\labuser\Documents\Training\day3\quarantine\cleanup-20260805-122125\53badabb5b7346928adc822c7479cf6e_Format-FileSize.ps1'
[2026-08-05 12:21:26] [INFO] DRY RUN: Would move 'C:\Windows\Temp\chocolatey\chocoInstall\tools\chocolateyInstall\helpers\functions\Get-CheckSumValid.ps1' to 'C:\Users\labuser\Documents\Training\day3\quarantine\cleanup-20260805-122125\98f02f43f2194c2180c61a313cedf309_Get-CheckSumValid.ps1'
[2026-08-05 12:21:26] [INFO] DRY RUN: Would move 'C:\Windows\Temp\chocolatey\chocoInstall\tools\chocolateyInstall\helpers\functions\Get-ChocolateyPath.ps1' to 'C:\Users\labuser\Documents\Training\day3\quarantine\cleanup-20260805-122125\edc8f7c980904a08b6073400afbdf21d_Get-ChocolateyPath.ps1'
[2026-08-05 12:21:26] [INFO] DRY RUN: Would move 'C:\Windows\Temp\chocolatey\chocoInstall\tools\chocolateyInstall\helpers\functions\Get-ChocolateyUnzip.ps1' to 'C:\Users\labuser\Documents\Training\day3\quarantine\cleanup-20260805-122125\f86048929ec24608acc080616ce1921c_Get-ChocolateyUnzip.ps1'
[2026-08-05 12:21:26] [INFO] DRY RUN: Would move 'C:\Windows\Temp\chocolatey\chocoInstall\tools\chocolateyInstall\helpers\functions\Get-ChocolateyWebFile.ps1' to 'C:\Users\labuser\Documents\Training\day3\quarantine\cleanup-20260805-122125\f04fecc4a11c438c9f678df754d869ba_Get-ChocolateyWebFile.ps1'
[2026-08-05 12:21:26] [INFO] DRY RUN: Would move 'C:\Windows\Temp\chocolatey\chocoInstall\tools\chocolateyInstall\helpers\functions\Get-EnvironmentVariable.ps1' to 'C:\Users\labuser\Documents\Training\day3\quarantine\cleanup-20260805-122125\0e9ebc083d71448885e9cb467da18d54_Get-EnvironmentVariable.ps1'
[2026-08-05 12:21:26] [INFO] DRY RUN: Would move 'C:\Windows\Temp\chocolatey\chocoInstall\tools\chocolateyInstall\helpers\functions\Get-EnvironmentVariableNames.ps1' to 'C:\Users\labuser\Documents\Training\day3\quarantine\cleanup-20260805-122125\4f2d31bb799447e78adc5a6c0457a622_Get-EnvironmentVariableNames.ps1'
[2026-08-05 12:21:26] [INFO] DRY RUN: Would move 'C:\Windows\Temp\chocolatey\chocoInstall\tools\chocolateyInstall\helpers\functions\Get-FtpFile.ps1' to 'C:\Users\labuser\Documents\Training\day3\quarantine\cleanup-20260805-122125\aee8221d3cce4b2590e32e10bb4c3a72_Get-FtpFile.ps1'
[2026-08-05 12:21:26] [INFO] DRY RUN: Would move 'C:\Windows\Temp\chocolatey\chocoInstall\tools\chocolateyInstall\helpers\functions\Get-OSArchitectureWidth.ps1' to 'C:\Users\labuser\Documents\Training\day3\quarantine\cleanup-20260805-122125\7c0f5cbf53154e21af148c164a6bef3d_Get-OSArchitectureWidth.ps1'
[2026-08-05 12:21:26] [INFO] DRY RUN: Would move 'C:\Windows\Temp\chocolatey\chocoInstall\tools\chocolateyInstall\helpers\functions\Get-PackageParameters.ps1' to 'C:\Users\labuser\Documents\Training\day3\quarantine\cleanup-20260805-122125\23467a09f004458fa9c28da3b7a44ce3_Get-PackageParameters.ps1'
[2026-08-05 12:21:26] [INFO] DRY RUN: Would move 'C:\Windows\Temp\chocolatey\chocoInstall\tools\chocolateyInstall\helpers\functions\Get-ToolsLocation.ps1' to 'C:\Users\labuser\Documents\Training\day3\quarantine\cleanup-20260805-122125\dd7d5c3cb87c4705ae501e68d7a72f1f_Get-ToolsLocation.ps1'
[2026-08-05 12:21:26] [INFO] DRY RUN: Would move 'C:\Windows\Temp\chocolatey\chocoInstall\tools\chocolateyInstall\helpers\functions\Get-UACEnabled.ps1' to 'C:\Users\labuser\Documents\Training\day3\quarantine\cleanup-20260805-122125\18a2b15e102742e6b3913d83358d60ff_Get-UACEnabled.ps1'
[2026-08-05 12:21:26] [INFO] DRY RUN: Would move 'C:\Windows\Temp\chocolatey\chocoInstall\tools\chocolateyInstall\helpers\functions\Get-UninstallRegistryKey.ps1' to 'C:\Users\labuser\Documents\Training\day3\quarantine\cleanup-20260805-122125\2e7a1adb95ec4a36a4f2a1da288a24db_Get-UninstallRegistryKey.ps1'
[2026-08-05 12:21:26] [INFO] DRY RUN: Would move 'C:\Windows\Temp\chocolatey\chocoInstall\tools\chocolateyInstall\helpers\functions\Get-VirusCheckValid.ps1' to 'C:\Users\labuser\Documents\Training\day3\quarantine\cleanup-20260805-122125\e031f6c6f013452b91c432628eaf02f8_Get-VirusCheckValid.ps1'
[2026-08-05 12:21:26] [INFO] DRY RUN: Would move 'C:\Windows\Temp\chocolatey\chocoInstall\tools\chocolateyInstall\helpers\functions\Get-WebFile.ps1' to 'C:\Users\labuser\Documents\Training\day3\quarantine\cleanup-20260805-122125\3004b0f3fab14eb58fcb93f2e748dc21_Get-WebFile.ps1'
[2026-08-05 12:21:26] [INFO] DRY RUN: Would move 'C:\Windows\Temp\chocolatey\chocoInstall\tools\chocolateyInstall\helpers\functions\Get-WebFileName.ps1' to 'C:\Users\labuser\Documents\Training\day3\quarantine\cleanup-20260805-122125\a036f575b31e4c039a5f348d3e55b2ed_Get-WebFileName.ps1'
[2026-08-05 12:21:26] [INFO] DRY RUN: Would move 'C:\Windows\Temp\chocolatey\chocoInstall\tools\chocolateyInstall\helpers\functions\Get-WebHeaders.ps1' to 'C:\Users\labuser\Documents\Training\day3\quarantine\cleanup-20260805-122125\1dfa587715fc4ef6a81e262c9450805b_Get-WebHeaders.ps1'
[2026-08-05 12:21:26] [INFO] DRY RUN: Would move 'C:\Windows\Temp\chocolatey\chocoInstall\tools\chocolateyInstall\helpers\functions\Install-BinFile.ps1' to 'C:\Users\labuser\Documents\Training\day3\quarantine\cleanup-20260805-122125\c5f6b27c20d04876be0ce59ad6cadd1a_Install-BinFile.ps1'
[2026-08-05 12:21:26] [INFO] DRY RUN: Would move 'C:\Windows\Temp\chocolatey\chocoInstall\tools\chocolateyInstall\helpers\functions\Install-ChocolateyEnvironmentVariable.ps1' to 'C:\Users\labuser\Documents\Training\day3\quarantine\cleanup-20260805-122125\d95759c844f247219c1741c70fa3c451_Install-ChocolateyEnvironmentVariable.ps1'
[2026-08-05 12:21:26] [INFO] DRY RUN: Would move 'C:\Windows\Temp\chocolatey\chocoInstall\tools\chocolateyInstall\helpers\functions\Install-ChocolateyExplorerMenuItem.ps1' to 'C:\Users\labuser\Documents\Training\day3\quarantine\cleanup-20260805-122125\8f41fa0c99a84f02b87ce876b61aee1f_Install-ChocolateyExplorerMenuItem.ps1'
[2026-08-05 12:21:26] [INFO] DRY RUN: Would move 'C:\Windows\Temp\chocolatey\chocoInstall\tools\chocolateyInstall\helpers\functions\Install-ChocolateyFileAssociation.ps1' to 'C:\Users\labuser\Documents\Training\day3\quarantine\cleanup-20260805-122125\76b934782e3a4366a948ec633db85416_Install-ChocolateyFileAssociation.ps1'
[2026-08-05 12:21:26] [INFO] DRY RUN: Would move 'C:\Windows\Temp\chocolatey\chocoInstall\tools\chocolateyInstall\helpers\functions\Install-ChocolateyInstallPackage.ps1' to 'C:\Users\labuser\Documents\Training\day3\quarantine\cleanup-20260805-122125\d445e65f87354f0793d8498263f1c821_Install-ChocolateyInstallPackage.ps1'
[2026-08-05 12:21:26] [INFO] DRY RUN: Would move 'C:\Windows\Temp\chocolatey\chocoInstall\tools\chocolateyInstall\helpers\functions\Install-ChocolateyPackage.ps1' to 'C:\Users\labuser\Documents\Training\day3\quarantine\cleanup-20260805-122125\c415ddd98110495ebae6115152d218d6_Install-ChocolateyPackage.ps1'
[2026-08-05 12:21:26] [INFO] DRY RUN: Would move 'C:\Windows\Temp\chocolatey\chocoInstall\tools\chocolateyInstall\helpers\functions\Install-ChocolateyPath.ps1' to 'C:\Users\labuser\Documents\Training\day3\quarantine\cleanup-20260805-122125\e839f97c3cf94d1099071a48ff53004a_Install-ChocolateyPath.ps1'
[2026-08-05 12:21:26] [INFO] DRY RUN: Would move 'C:\Windows\Temp\chocolatey\chocoInstall\tools\chocolateyInstall\helpers\functions\Install-ChocolateyPinnedTaskBarItem.ps1' to 'C:\Users\labuser\Documents\Training\day3\quarantine\cleanup-20260805-122125\b512216b407040fc9c21d7b9a01ce9ac_Install-ChocolateyPinnedTaskBarItem.ps1'
[2026-08-05 12:21:26] [INFO] DRY RUN: Would move 'C:\Windows\Temp\chocolatey\chocoInstall\tools\chocolateyInstall\helpers\functions\Install-ChocolateyPowershellCommand.ps1' to 'C:\Users\labuser\Documents\Training\day3\quarantine\cleanup-20260805-122125\8347d59358b44f7da3853f867cd73957_Install-ChocolateyPowershellCommand.ps1'
[2026-08-05 12:21:26] [INFO] DRY RUN: Would move 'C:\Windows\Temp\chocolatey\chocoInstall\tools\chocolateyInstall\helpers\functions\Install-ChocolateyShortcut.ps1' to 'C:\Users\labuser\Documents\Training\day3\quarantine\cleanup-20260805-122125\1c4844b73aff430e835628ea9d68cd1e_Install-ChocolateyShortcut.ps1'
[2026-08-05 12:21:26] [INFO] DRY RUN: Would move 'C:\Windows\Temp\chocolatey\chocoInstall\tools\chocolateyInstall\helpers\functions\Install-ChocolateyVsixPackage.ps1' to 'C:\Users\labuser\Documents\Training\day3\quarantine\cleanup-20260805-122125\6be281fe77f3479488ec8242311387c0_Install-ChocolateyVsixPackage.ps1'
[2026-08-05 12:21:26] [INFO] DRY RUN: Would move 'C:\Windows\Temp\chocolatey\chocoInstall\tools\chocolateyInstall\helpers\functions\Install-ChocolateyZipPackage.ps1' to 'C:\Users\labuser\Documents\Training\day3\quarantine\cleanup-20260805-122125\aa58834385394a39b73d827e09cb63c2_Install-ChocolateyZipPackage.ps1'
[2026-08-05 12:21:26] [INFO] DRY RUN: Would move 'C:\Windows\Temp\chocolatey\chocoInstall\tools\chocolateyInstall\helpers\functions\Install-Vsix.ps1' to 'C:\Users\labuser\Documents\Training\day3\quarantine\cleanup-20260805-122125\4e1e2dd6ff3341a7b2b2391c17d102b1_Install-Vsix.ps1'
[2026-08-05 12:21:26] [INFO] DRY RUN: Would move 'C:\Windows\Temp\chocolatey\chocoInstall\tools\chocolateyInstall\helpers\functions\Set-EnvironmentVariable.ps1' to 'C:\Users\labuser\Documents\Training\day3\quarantine\cleanup-20260805-122125\1fffdbccab4a45c38165c0fa05bb06e3_Set-EnvironmentVariable.ps1'
[2026-08-05 12:21:26] [INFO] DRY RUN: Would move 'C:\Windows\Temp\chocolatey\chocoInstall\tools\chocolateyInstall\helpers\functions\Set-PowerShellExitCode.ps1' to 'C:\Users\labuser\Documents\Training\day3\quarantine\cleanup-20260805-122125\b419f3e5fe59478c9906c9661404a67c_Set-PowerShellExitCode.ps1'
[2026-08-05 12:21:26] [INFO] DRY RUN: Would move 'C:\Windows\Temp\chocolatey\chocoInstall\tools\chocolateyInstall\helpers\functions\Start-ChocolateyProcessAsAdmin.ps1' to 'C:\Users\labuser\Documents\Training\day3\quarantine\cleanup-20260805-122125\838227936f6b445080eb74f6d4d222f2_Start-ChocolateyProcessAsAdmin.ps1'
[2026-08-05 12:21:26] [INFO] DRY RUN: Would move 'C:\Windows\Temp\chocolatey\chocoInstall\tools\chocolateyInstall\helpers\functions\Test-ProcessAdminRights.ps1' to 'C:\Users\labuser\Documents\Training\day3\quarantine\cleanup-20260805-122125\22c5cb7341ba49049a247bd815dbbdf4_Test-ProcessAdminRights.ps1'
[2026-08-05 12:21:26] [INFO] DRY RUN: Would move 'C:\Windows\Temp\chocolatey\chocoInstall\tools\chocolateyInstall\helpers\functions\Uninstall-BinFile.ps1' to 'C:\Users\labuser\Documents\Training\day3\quarantine\cleanup-20260805-122125\5e6f569053f345679b5e5ee350c8d536_Uninstall-BinFile.ps1'
[2026-08-05 12:21:26] [INFO] DRY RUN: Would move 'C:\Windows\Temp\chocolatey\chocoInstall\tools\chocolateyInstall\helpers\functions\Uninstall-ChocolateyEnvironmentVariable.ps1' to 'C:\Users\labuser\Documents\Training\day3\quarantine\cleanup-20260805-122125\6aa62f47ff734adbb45ce285fef7de5e_Uninstall-ChocolateyEnvironmentVariable.ps1'
[2026-08-05 12:21:26] [INFO] DRY RUN: Would move 'C:\Windows\Temp\chocolatey\chocoInstall\tools\chocolateyInstall\helpers\functions\Uninstall-ChocolateyPackage.ps1' to 'C:\Users\labuser\Documents\Training\day3\quarantine\cleanup-20260805-122125\89e73fe827664e688f68571375b81271_Uninstall-ChocolateyPackage.ps1'
[2026-08-05 12:21:26] [INFO] DRY RUN: Would move 'C:\Windows\Temp\chocolatey\chocoInstall\tools\chocolateyInstall\helpers\functions\UnInstall-ChocolateyZipPackage.ps1' to 'C:\Users\labuser\Documents\Training\day3\quarantine\cleanup-20260805-122125\daf8d3f09d4c40e0a4db6dc889180fbb_UnInstall-ChocolateyZipPackage.ps1'
[2026-08-05 12:21:26] [INFO] DRY RUN: Would move 'C:\Windows\Temp\chocolatey\chocoInstall\tools\chocolateyInstall\helpers\functions\Update-SessionEnvironment.ps1' to 'C:\Users\labuser\Documents\Training\day3\quarantine\cleanup-20260805-122125\3373e79f7d614429b69a10ca15a116ee_Update-SessionEnvironment.ps1'
[2026-08-05 12:21:26] [INFO] DRY RUN: Would move 'C:\Windows\Temp\chocolatey\chocoInstall\tools\chocolateyInstall\helpers\functions\Write-FunctionCallLogMessage.ps1' to 'C:\Users\labuser\Documents\Training\day3\quarantine\cleanup-20260805-122125\9c5bc4b7f28b47e993d1696baf547d7e_Write-FunctionCallLogMessage.ps1'
[2026-08-05 12:21:26] [INFO] DRY RUN: Would move 'C:\Windows\Temp\chocolatey\chocoInstall\tools\chocolateyInstall\redirects\choco.exe' to 'C:\Users\labuser\Documents\Training\day3\quarantine\cleanup-20260805-122125\778c114166a3458b867ef9c32a7b2ca6_choco.exe'
[2026-08-05 12:21:26] [INFO] DRY RUN: Would move 'C:\Windows\Temp\chocolatey\chocoInstall\tools\chocolateyInstall\redirects\choco.exe.ignore' to 'C:\Users\labuser\Documents\Training\day3\quarantine\cleanup-20260805-122125\318a7f2773b24334a37541189c8d9621_choco.exe.ignore'
[2026-08-05 12:21:26] [INFO] DRY RUN: Would move 'C:\Windows\Temp\chocolatey\chocoInstall\tools\chocolateyInstall\redirects\chocolatey.exe' to 'C:\Users\labuser\Documents\Training\day3\quarantine\cleanup-20260805-122125\8032547a25504e8882a37ab296fd2745_chocolatey.exe'
[2026-08-05 12:21:26] [INFO] DRY RUN: Would move 'C:\Windows\Temp\chocolatey\chocoInstall\tools\chocolateyInstall\redirects\chocolatey.exe.ignore' to 'C:\Users\labuser\Documents\Training\day3\quarantine\cleanup-20260805-122125\82d149abe4d94a5dbd05c5107947845f_chocolatey.exe.ignore'
[2026-08-05 12:21:26] [INFO] DRY RUN: Would move 'C:\Windows\Temp\chocolatey\chocoInstall\tools\chocolateyInstall\redirects\cinst.exe' to 'C:\Users\labuser\Documents\Training\day3\quarantine\cleanup-20260805-122125\5ad7f7ef56c541cfb9352fddfd4f1f6f_cinst.exe'
[2026-08-05 12:21:26] [INFO] DRY RUN: Would move 'C:\Windows\Temp\chocolatey\chocoInstall\tools\chocolateyInstall\redirects\cinst.exe.ignore' to 'C:\Users\labuser\Documents\Training\day3\quarantine\cleanup-20260805-122125\3b9bd67d092f41ce86ba388824883c3b_cinst.exe.ignore'
[2026-08-05 12:21:26] [INFO] DRY RUN: Would move 'C:\Windows\Temp\chocolatey\chocoInstall\tools\chocolateyInstall\redirects\clist.exe' to 'C:\Users\labuser\Documents\Training\day3\quarantine\cleanup-20260805-122125\bf79098457784d27bd36e9f5a2a8ac26_clist.exe'
[2026-08-05 12:21:26] [INFO] DRY RUN: Would move 'C:\Windows\Temp\chocolatey\chocoInstall\tools\chocolateyInstall\redirects\clist.exe.ignore' to 'C:\Users\labuser\Documents\Training\day3\quarantine\cleanup-20260805-122125\bbbd100cd02944c2914f1d0136457b6b_clist.exe.ignore'
[2026-08-05 12:21:26] [INFO] DRY RUN: Would move 'C:\Windows\Temp\chocolatey\chocoInstall\tools\chocolateyInstall\redirects\cpush.exe' to 'C:\Users\labuser\Documents\Training\day3\quarantine\cleanup-20260805-122125\8103c91296b94913a1dd087bad8b0d9d_cpush.exe'
[2026-08-05 12:21:26] [INFO] DRY RUN: Would move 'C:\Windows\Temp\chocolatey\chocoInstall\tools\chocolateyInstall\redirects\cpush.exe.ignore' to 'C:\Users\labuser\Documents\Training\day3\quarantine\cleanup-20260805-122125\0af747d5ebb04e0ebeff26adb4c4a9a5_cpush.exe.ignore'
[2026-08-05 12:21:26] [INFO] DRY RUN: Would move 'C:\Windows\Temp\chocolatey\chocoInstall\tools\chocolateyInstall\redirects\cuninst.exe' to 'C:\Users\labuser\Documents\Training\day3\quarantine\cleanup-20260805-122125\af9045c2e9294d3382024b1367e2fbfe_cuninst.exe'
[2026-08-05 12:21:26] [INFO] DRY RUN: Would move 'C:\Windows\Temp\chocolatey\chocoInstall\tools\chocolateyInstall\redirects\cuninst.exe.ignore' to 'C:\Users\labuser\Documents\Training\day3\quarantine\cleanup-20260805-122125\fcbc1e0e7c16473cbf5749d64ad710d6_cuninst.exe.ignore'
[2026-08-05 12:21:26] [INFO] DRY RUN: Would move 'C:\Windows\Temp\chocolatey\chocoInstall\tools\chocolateyInstall\redirects\cup.exe' to 'C:\Users\labuser\Documents\Training\day3\quarantine\cleanup-20260805-122125\877d272a3b50479396d443f25529ef74_cup.exe'
[2026-08-05 12:21:26] [INFO] DRY RUN: Would move 'C:\Windows\Temp\chocolatey\chocoInstall\tools\chocolateyInstall\redirects\cup.exe.ignore' to 'C:\Users\labuser\Documents\Training\day3\quarantine\cleanup-20260805-122125\b038acc48ae9465594895188eeca3f54_cup.exe.ignore'
[2026-08-05 12:21:26] [INFO] DRY RUN: Would move 'C:\Windows\Temp\chocolatey\chocoInstall\tools\chocolateyInstall\redirects\RefreshEnv.cmd' to 'C:\Users\labuser\Documents\Training\day3\quarantine\cleanup-20260805-122125\9c10bafffb0d4ba282df8eb5e1079093_RefreshEnv.cmd'
[2026-08-05 12:21:26] [INFO] DRY RUN: Would move 'C:\Windows\Temp\chocolatey\chocoInstall\tools\chocolateyInstall\tools\7z.dll' to 'C:\Users\labuser\Documents\Training\day3\quarantine\cleanup-20260805-122125\9aa1a051fe944b67b99681e2a8619b50_7z.dll'
[2026-08-05 12:21:26] [INFO] DRY RUN: Would move 'C:\Windows\Temp\chocolatey\chocoInstall\tools\chocolateyInstall\tools\7z.dll.manifest' to 'C:\Users\labuser\Documents\Training\day3\quarantine\cleanup-20260805-122125\48f8e31929bb4a699fb9c30c084f53c8_7z.dll.manifest'
[2026-08-05 12:21:26] [INFO] DRY RUN: Would move 'C:\Windows\Temp\chocolatey\chocoInstall\tools\chocolateyInstall\tools\7z.exe' to 'C:\Users\labuser\Documents\Training\day3\quarantine\cleanup-20260805-122125\c8a7b272d20a4f4c8e6cb93f8fa8f3b0_7z.exe'
[2026-08-05 12:21:26] [INFO] DRY RUN: Would move 'C:\Windows\Temp\chocolatey\chocoInstall\tools\chocolateyInstall\tools\7z.exe.ignore' to 'C:\Users\labuser\Documents\Training\day3\quarantine\cleanup-20260805-122125\726f18baaf2e4cacac6ec6033e712e3f_7z.exe.ignore'
[2026-08-05 12:21:26] [INFO] DRY RUN: Would move 'C:\Windows\Temp\chocolatey\chocoInstall\tools\chocolateyInstall\tools\7z.exe.manifest' to 'C:\Users\labuser\Documents\Training\day3\quarantine\cleanup-20260805-122125\36d862f77d3f4c4cbc6dc153a19e324d_7z.exe.manifest'
[2026-08-05 12:21:26] [INFO] DRY RUN: Would move 'C:\Windows\Temp\chocolatey\chocoInstall\tools\chocolateyInstall\tools\7zip.license.txt' to 'C:\Users\labuser\Documents\Training\day3\quarantine\cleanup-20260805-122125\8a709cdc93184b79b6675e0d3457f55e_7zip.license.txt'
[2026-08-05 12:21:26] [INFO] DRY RUN: Would move 'C:\Windows\Temp\chocolatey\chocoInstall\tools\chocolateyInstall\tools\checksum.exe' to 'C:\Users\labuser\Documents\Training\day3\quarantine\cleanup-20260805-122125\64a2bbdaf49d45939e8bfd768253fb1a_checksum.exe'
[2026-08-05 12:21:26] [INFO] DRY RUN: Would move 'C:\Windows\Temp\chocolatey\chocoInstall\tools\chocolateyInstall\tools\checksum.exe.config' to 'C:\Users\labuser\Documents\Training\day3\quarantine\cleanup-20260805-122125\b371d5d991e94decb35e77de67b46789_checksum.exe.config'
[2026-08-05 12:21:26] [INFO] DRY RUN: Would move 'C:\Windows\Temp\chocolatey\chocoInstall\tools\chocolateyInstall\tools\checksum.exe.ignore' to 'C:\Users\labuser\Documents\Training\day3\quarantine\cleanup-20260805-122125\bc04ba77fd5b4e73b84a69a71c82027c_checksum.exe.ignore'
[2026-08-05 12:21:26] [INFO] DRY RUN: Would move 'C:\Windows\Temp\chocolatey\chocoInstall\tools\chocolateyInstall\tools\checksum.license.txt' to 'C:\Users\labuser\Documents\Training\day3\quarantine\cleanup-20260805-122125\ee81ddc5c49245a594ba4a15af5d98aa_checksum.license.txt'
[2026-08-05 12:21:26] [INFO] DRY RUN: Would move 'C:\Windows\Temp\chocolatey\chocoInstall\tools\chocolateyInstall\tools\shimgen.exe' to 'C:\Users\labuser\Documents\Training\day3\quarantine\cleanup-20260805-122125\91e65ad8017149eb9d03e8e68822d711_shimgen.exe'
[2026-08-05 12:21:26] [INFO] DRY RUN: Would move 'C:\Windows\Temp\chocolatey\chocoInstall\tools\chocolateyInstall\tools\shimgen.exe.ignore' to 'C:\Users\labuser\Documents\Training\day3\quarantine\cleanup-20260805-122125\cee434ae92ad40f696d11a0a82c76ea9_shimgen.exe.ignore'
[2026-08-05 12:21:26] [INFO] DRY RUN: Would move 'C:\Windows\Temp\chocolatey\chocoInstall\tools\chocolateyInstall\tools\shimgen.license.txt' to 'C:\Users\labuser\Documents\Training\day3\quarantine\cleanup-20260805-122125\c6138e8dcdfa487a93ef50df01300d60_shimgen.license.txt'
[2026-08-05 12:21:26] [INFO] DRY RUN: Would move 'C:\Windows\Temp\chocolatey\chocoInstall\_rels\.rels' to 'C:\Users\labuser\Documents\Training\day3\quarantine\cleanup-20260805-122125\ea8e6001ec0e4461bf2492de2487f00b_.rels'
[2026-08-05 12:21:26] [INFO] DRY RUN: Would move 'C:\Windows\Temp\chocolatey\vscode.install\1.131.0\install.log' to 'C:\Users\labuser\Documents\Training\day3\quarantine\cleanup-20260805-122125\151cde39f8d44c6fac301f4680d6cc88_install.log'
[2026-08-05 12:21:26] [INFO] DRY RUN: Would move 'C:\Windows\Temp\chocolatey\vscode.install\1.131.0\VSCodeSetup-x64-1.131.0.exe' to 'C:\Users\labuser\Documents\Training\day3\quarantine\cleanup-20260805-122125\8ae1f0a609854ddda23e60d9cf65c343_VSCodeSetup-x64-1.131.0.exe'
[2026-08-05 12:21:26] [INFO] Run summary:
[2026-08-05 12:21:26] [INFO]   Mode: cleanup
[2026-08-05 12:21:26] [INFO]   TargetFoldersScanned: 2
[2026-08-05 12:21:26] [INFO]   FilesEnumerated: 99
[2026-08-05 12:21:26] [INFO]   FilesEligible: 99
[2026-08-05 12:21:26] [INFO]   FilesMoved: 0
[2026-08-05 12:21:26] [INFO]   FilesRestored: 0
[2026-08-05 12:21:26] [INFO]   DryRunWouldMove: 98
[2026-08-05 12:21:26] [INFO]   SkippedTooNew: 0
[2026-08-05 12:21:26] [INFO]   SkippedLocked: 1
[2026-08-05 12:21:26] [INFO]   SkippedSafety: 0
[2026-08-05 12:21:26] [INFO]   SkippedMissingBackup: 0
[2026-08-05 12:21:26] [INFO]   SkippedAlreadyPresent: 0
[2026-08-05 12:21:26] [INFO]   Errors: 0
[2026-08-05 12:21:26] [INFO]   ManifestPath: 
[2026-08-05 12:21:26] [INFO]   LogFile: C:\Users\labuser\Documents\Training\day3\logs\temp-file-cleanup-cleanup-20260805-122125.log
