[2026-08-05 12:21:41] [INFO] Starting cleanup mode. OlderThanDays=0, DryRun=False
[2026-08-05 12:21:41] [INFO] Scanning target: C:\Users\labuser\AppData\Local\Temp
[2026-08-05 12:21:41] [WARN] Locked file skipped: C:\Users\labuser\AppData\Local\Temp\2\fd4caa90-aad6-4a12-88f3-6c5fc9f726a0.tmp
[2026-08-05 12:21:41] [INFO] Moved file: 'C:\Users\labuser\AppData\Local\Temp\2\gen_py\3.9\dicts.dat' -> 'C:\Users\labuser\Documents\Training\day3\quarantine\cleanup-20260805-122141\0530525236ce40cf91bc40fe4d33bdd8_dicts.dat'
[2026-08-05 12:21:41] [INFO] Moved file: 'C:\Users\labuser\AppData\Local\Temp\2\gen_py\3.9\__init__.py' -> 'C:\Users\labuser\Documents\Training\day3\quarantine\cleanup-20260805-122141\87c92581363e425c9002db825605ca74___init__.py'
[2026-08-05 12:21:41] [INFO] Moved file: 'C:\Users\labuser\AppData\Local\Temp\2\vscode-stable-system-x64\CodeSetup-stable-df53daabb18cd157bdb08c7f01c34df936cf12f4.exe' -> 'C:\Users\labuser\Documents\Training\day3\quarantine\cleanup-20260805-122141\4cf6c2e86ab34446a46f4ae7146001de_CodeSetup-stable-df53daabb18cd157bdb08c7f01c34df936cf12f4.exe'
[2026-08-05 12:21:41] [INFO] Moved file: 'C:\Users\labuser\AppData\Local\Temp\2\vscode-stable-system-x64\update-metadata.json' -> 'C:\Users\labuser\Documents\Training\day3\quarantine\cleanup-20260805-122141\42bd1b8ce5194ae9a89268752d958091_update-metadata.json'
[2026-08-05 12:21:41] [INFO] Scanning target: C:\Windows\Temp
[2026-08-05 12:21:41] [INFO] Moved file: 'C:\Windows\Temp\bb3a785178f443fda931098a5a9a306b.db.ses' -> 'C:\Users\labuser\Documents\Training\day3\quarantine\cleanup-20260805-122141\7b1be67143f0436f81bc3045356ef3d7_bb3a785178f443fda931098a5a9a306b.db.ses'
[2026-08-05 12:21:41] [INFO] Moved file: 'C:\Windows\Temp\MpCmdRun.log' -> 'C:\Users\labuser\Documents\Training\day3\quarantine\cleanup-20260805-122141\e4ed990a91384a548847689a865a732a_MpCmdRun.log'
[2026-08-05 12:21:41] [INFO] Moved file: 'C:\Windows\Temp\MpSigStub.log' -> 'C:\Users\labuser\Documents\Training\day3\quarantine\cleanup-20260805-122141\ae5a0572fb93494db091485aabc5ffc4_MpSigStub.log'
[2026-08-05 12:21:41] [INFO] Moved file: 'C:\Windows\Temp\silconfig.log' -> 'C:\Users\labuser\Documents\Training\day3\quarantine\cleanup-20260805-122141\804b778693c6420c89552aeaeca5bd89_silconfig.log'
[2026-08-05 12:21:41] [INFO] Moved file: 'C:\Windows\Temp\_env.cmd' -> 'C:\Users\labuser\Documents\Training\day3\quarantine\cleanup-20260805-122141\fe6be37bf425441d8b6bfe8f9dbeb6af__env.cmd'
[2026-08-05 12:21:41] [INFO] Moved file: 'C:\Windows\Temp\chocolatey\activitywatch\0.13.2\activitywatch-v0.13.2-windows-x86_64.zip' -> 'C:\Users\labuser\Documents\Training\day3\quarantine\cleanup-20260805-122141\b80aa7db64dc4feda8e4defdb69dfbb9_activitywatch-v0.13.2-windows-x86_64.zip'
[2026-08-05 12:21:41] [INFO] Moved file: 'C:\Windows\Temp\chocolatey\chocoInstall\chocolatey.nuspec' -> 'C:\Users\labuser\Documents\Training\day3\quarantine\cleanup-20260805-122141\e946b046154545b8bdeed3e8cf165062_chocolatey.nuspec'
[2026-08-05 12:21:41] [INFO] Moved file: 'C:\Windows\Temp\chocolatey\chocoInstall\chocolatey.zip' -> 'C:\Users\labuser\Documents\Training\day3\quarantine\cleanup-20260805-122141\4bcff6a606ef4dcb878ee98c7996533b_chocolatey.zip'
[2026-08-05 12:21:41] [INFO] Moved file: 'C:\Windows\Temp\chocolatey\chocoInstall\[Content_Types].xml' -> 'C:\Users\labuser\Documents\Training\day3\quarantine\cleanup-20260805-122141\59a9d2f95f894d86958e93051581b96d_[Content_Types].xml'
[2026-08-05 12:21:41] [INFO] Moved file: 'C:\Windows\Temp\chocolatey\chocoInstall\package\services\metadata\core-properties\5ad4dc75cc79452d8e7e738cb4a3286e.psmdcp' -> 'C:\Users\labuser\Documents\Training\day3\quarantine\cleanup-20260805-122141\65052b88d461444db5bc1d4dc2dd8107_5ad4dc75cc79452d8e7e738cb4a3286e.psmdcp'
[2026-08-05 12:21:41] [INFO] Moved file: 'C:\Windows\Temp\chocolatey\chocoInstall\tools\chocolateyInstall.ps1' -> 'C:\Users\labuser\Documents\Training\day3\quarantine\cleanup-20260805-122141\cf0c06be6f4b418784beb4de174c4476_chocolateyInstall.ps1'
[2026-08-05 12:21:41] [INFO] Moved file: 'C:\Windows\Temp\chocolatey\chocoInstall\tools\chocolateysetup.psm1' -> 'C:\Users\labuser\Documents\Training\day3\quarantine\cleanup-20260805-122141\e37ddc75e0c040789c468a69858f4b5d_chocolateysetup.psm1'
[2026-08-05 12:21:41] [INFO] Moved file: 'C:\Windows\Temp\chocolatey\chocoInstall\tools\init.ps1' -> 'C:\Users\labuser\Documents\Training\day3\quarantine\cleanup-20260805-122141\6e585e95829a494f9716b76915bd4a1c_init.ps1'
[2026-08-05 12:21:41] [INFO] Moved file: 'C:\Windows\Temp\chocolatey\chocoInstall\tools\VERIFICATION.txt' -> 'C:\Users\labuser\Documents\Training\day3\quarantine\cleanup-20260805-122141\c2a891966d434ceab7fa858e0c109367_VERIFICATION.txt'
[2026-08-05 12:21:41] [INFO] Moved file: 'C:\Windows\Temp\chocolatey\chocoInstall\tools\chocolateyInstall\choco.exe' -> 'C:\Users\labuser\Documents\Training\day3\quarantine\cleanup-20260805-122141\1f788dc0c6c2483689570aa05a31baff_choco.exe'
[2026-08-05 12:21:41] [INFO] Moved file: 'C:\Windows\Temp\chocolatey\chocoInstall\tools\chocolateyInstall\choco.exe.ignore' -> 'C:\Users\labuser\Documents\Training\day3\quarantine\cleanup-20260805-122141\00503bfc63cd4c638f8e9129cec201cd_choco.exe.ignore'
[2026-08-05 12:21:41] [INFO] Moved file: 'C:\Windows\Temp\chocolatey\chocoInstall\tools\chocolateyInstall\choco.exe.manifest' -> 'C:\Users\labuser\Documents\Training\day3\quarantine\cleanup-20260805-122141\f5d7e4468b954cfcac335626ec222440_choco.exe.manifest'
[2026-08-05 12:21:41] [INFO] Moved file: 'C:\Windows\Temp\chocolatey\chocoInstall\tools\chocolateyInstall\CREDITS.txt' -> 'C:\Users\labuser\Documents\Training\day3\quarantine\cleanup-20260805-122141\9398877942a34821b5eddc92204224e8_CREDITS.txt'
[2026-08-05 12:21:41] [INFO] Moved file: 'C:\Windows\Temp\chocolatey\chocoInstall\tools\chocolateyInstall\LICENSE.txt' -> 'C:\Users\labuser\Documents\Training\day3\quarantine\cleanup-20260805-122141\d7e21a617eaf4548be87cfd8d20767c6_LICENSE.txt'
[2026-08-05 12:21:41] [INFO] Moved file: 'C:\Windows\Temp\chocolatey\chocoInstall\tools\chocolateyInstall\helpers\chocolateyInstaller.psm1' -> 'C:\Users\labuser\Documents\Training\day3\quarantine\cleanup-20260805-122141\838899fc263c448f8c55d1d14030221b_chocolateyInstaller.psm1'
[2026-08-05 12:21:41] [INFO] Moved file: 'C:\Windows\Temp\chocolatey\chocoInstall\tools\chocolateyInstall\helpers\chocolateyProfile.psm1' -> 'C:\Users\labuser\Documents\Training\day3\quarantine\cleanup-20260805-122141\c8f8dc28993c4fbb983ab3803d0eff1a_chocolateyProfile.psm1'
[2026-08-05 12:21:41] [INFO] Moved file: 'C:\Windows\Temp\chocolatey\chocoInstall\tools\chocolateyInstall\helpers\chocolateyScriptRunner.ps1' -> 'C:\Users\labuser\Documents\Training\day3\quarantine\cleanup-20260805-122141\d2633b20f3fe471ca0089e3f705eac56_chocolateyScriptRunner.ps1'
[2026-08-05 12:21:41] [INFO] Moved file: 'C:\Windows\Temp\chocolatey\chocoInstall\tools\chocolateyInstall\helpers\ChocolateyTabExpansion.ps1' -> 'C:\Users\labuser\Documents\Training\day3\quarantine\cleanup-20260805-122141\2796a594254f4df78a9cc7e18f8476be_ChocolateyTabExpansion.ps1'
[2026-08-05 12:21:41] [INFO] Moved file: 'C:\Windows\Temp\chocolatey\chocoInstall\tools\chocolateyInstall\helpers\functions\Format-FileSize.ps1' -> 'C:\Users\labuser\Documents\Training\day3\quarantine\cleanup-20260805-122141\d4a4694bcedd404ab75c863fb044ebe1_Format-FileSize.ps1'
[2026-08-05 12:21:41] [INFO] Moved file: 'C:\Windows\Temp\chocolatey\chocoInstall\tools\chocolateyInstall\helpers\functions\Get-CheckSumValid.ps1' -> 'C:\Users\labuser\Documents\Training\day3\quarantine\cleanup-20260805-122141\24e187b332c840e4b365f5f608f841cd_Get-CheckSumValid.ps1'
[2026-08-05 12:21:41] [INFO] Moved file: 'C:\Windows\Temp\chocolatey\chocoInstall\tools\chocolateyInstall\helpers\functions\Get-ChocolateyPath.ps1' -> 'C:\Users\labuser\Documents\Training\day3\quarantine\cleanup-20260805-122141\78c317b4abd547c6883b296aa3d4efe4_Get-ChocolateyPath.ps1'
[2026-08-05 12:21:41] [INFO] Moved file: 'C:\Windows\Temp\chocolatey\chocoInstall\tools\chocolateyInstall\helpers\functions\Get-ChocolateyUnzip.ps1' -> 'C:\Users\labuser\Documents\Training\day3\quarantine\cleanup-20260805-122141\b3964242939c4b919a428652c14e4af4_Get-ChocolateyUnzip.ps1'
[2026-08-05 12:21:41] [INFO] Moved file: 'C:\Windows\Temp\chocolatey\chocoInstall\tools\chocolateyInstall\helpers\functions\Get-ChocolateyWebFile.ps1' -> 'C:\Users\labuser\Documents\Training\day3\quarantine\cleanup-20260805-122141\09e25951a7f7481691e73be5463f88cd_Get-ChocolateyWebFile.ps1'
[2026-08-05 12:21:41] [INFO] Moved file: 'C:\Windows\Temp\chocolatey\chocoInstall\tools\chocolateyInstall\helpers\functions\Get-EnvironmentVariable.ps1' -> 'C:\Users\labuser\Documents\Training\day3\quarantine\cleanup-20260805-122141\e8187254812548daadcfc83e88e5e77b_Get-EnvironmentVariable.ps1'
[2026-08-05 12:21:41] [INFO] Moved file: 'C:\Windows\Temp\chocolatey\chocoInstall\tools\chocolateyInstall\helpers\functions\Get-EnvironmentVariableNames.ps1' -> 'C:\Users\labuser\Documents\Training\day3\quarantine\cleanup-20260805-122141\9320e0d06956487b89b16fbd62250c8b_Get-EnvironmentVariableNames.ps1'
[2026-08-05 12:21:41] [INFO] Moved file: 'C:\Windows\Temp\chocolatey\chocoInstall\tools\chocolateyInstall\helpers\functions\Get-FtpFile.ps1' -> 'C:\Users\labuser\Documents\Training\day3\quarantine\cleanup-20260805-122141\9835735a61ad46f2a892038be9c5f500_Get-FtpFile.ps1'
[2026-08-05 12:21:41] [INFO] Moved file: 'C:\Windows\Temp\chocolatey\chocoInstall\tools\chocolateyInstall\helpers\functions\Get-OSArchitectureWidth.ps1' -> 'C:\Users\labuser\Documents\Training\day3\quarantine\cleanup-20260805-122141\ce6106bb0ffb41c091833d9a9938c65a_Get-OSArchitectureWidth.ps1'
[2026-08-05 12:21:41] [INFO] Moved file: 'C:\Windows\Temp\chocolatey\chocoInstall\tools\chocolateyInstall\helpers\functions\Get-PackageParameters.ps1' -> 'C:\Users\labuser\Documents\Training\day3\quarantine\cleanup-20260805-122141\4fe95e2fa4884e02878319d0463ba608_Get-PackageParameters.ps1'
[2026-08-05 12:21:41] [INFO] Moved file: 'C:\Windows\Temp\chocolatey\chocoInstall\tools\chocolateyInstall\helpers\functions\Get-ToolsLocation.ps1' -> 'C:\Users\labuser\Documents\Training\day3\quarantine\cleanup-20260805-122141\3909fe149268433fbc20b1dfd356a5fe_Get-ToolsLocation.ps1'
[2026-08-05 12:21:41] [INFO] Moved file: 'C:\Windows\Temp\chocolatey\chocoInstall\tools\chocolateyInstall\helpers\functions\Get-UACEnabled.ps1' -> 'C:\Users\labuser\Documents\Training\day3\quarantine\cleanup-20260805-122141\594816c3c83d452b8058648a3e50e5c9_Get-UACEnabled.ps1'
[2026-08-05 12:21:41] [INFO] Moved file: 'C:\Windows\Temp\chocolatey\chocoInstall\tools\chocolateyInstall\helpers\functions\Get-UninstallRegistryKey.ps1' -> 'C:\Users\labuser\Documents\Training\day3\quarantine\cleanup-20260805-122141\0c0eeddf5ee14b188302c21afc5141ae_Get-UninstallRegistryKey.ps1'
[2026-08-05 12:21:41] [INFO] Moved file: 'C:\Windows\Temp\chocolatey\chocoInstall\tools\chocolateyInstall\helpers\functions\Get-VirusCheckValid.ps1' -> 'C:\Users\labuser\Documents\Training\day3\quarantine\cleanup-20260805-122141\a3b90d0a0af045418fbbcd31aafc442a_Get-VirusCheckValid.ps1'
[2026-08-05 12:21:41] [INFO] Moved file: 'C:\Windows\Temp\chocolatey\chocoInstall\tools\chocolateyInstall\helpers\functions\Get-WebFile.ps1' -> 'C:\Users\labuser\Documents\Training\day3\quarantine\cleanup-20260805-122141\05af083e2c8d4b9b8b2bd039694ae567_Get-WebFile.ps1'
[2026-08-05 12:21:41] [INFO] Moved file: 'C:\Windows\Temp\chocolatey\chocoInstall\tools\chocolateyInstall\helpers\functions\Get-WebFileName.ps1' -> 'C:\Users\labuser\Documents\Training\day3\quarantine\cleanup-20260805-122141\ae006087a27d4a0480df005235f7c497_Get-WebFileName.ps1'
[2026-08-05 12:21:41] [INFO] Moved file: 'C:\Windows\Temp\chocolatey\chocoInstall\tools\chocolateyInstall\helpers\functions\Get-WebHeaders.ps1' -> 'C:\Users\labuser\Documents\Training\day3\quarantine\cleanup-20260805-122141\5b81ec19f59b455eb65ce35c7cf178ea_Get-WebHeaders.ps1'
[2026-08-05 12:21:41] [INFO] Moved file: 'C:\Windows\Temp\chocolatey\chocoInstall\tools\chocolateyInstall\helpers\functions\Install-BinFile.ps1' -> 'C:\Users\labuser\Documents\Training\day3\quarantine\cleanup-20260805-122141\eb5fc7bf48df4c058c6fa89bbc699e3a_Install-BinFile.ps1'
[2026-08-05 12:21:41] [INFO] Moved file: 'C:\Windows\Temp\chocolatey\chocoInstall\tools\chocolateyInstall\helpers\functions\Install-ChocolateyEnvironmentVariable.ps1' -> 'C:\Users\labuser\Documents\Training\day3\quarantine\cleanup-20260805-122141\0ef2ef5859e94e919c203d9cea014dea_Install-ChocolateyEnvironmentVariable.ps1'
[2026-08-05 12:21:42] [INFO] Moved file: 'C:\Windows\Temp\chocolatey\chocoInstall\tools\chocolateyInstall\helpers\functions\Install-ChocolateyExplorerMenuItem.ps1' -> 'C:\Users\labuser\Documents\Training\day3\quarantine\cleanup-20260805-122141\caf9beb353d84b6da6178b62355748e7_Install-ChocolateyExplorerMenuItem.ps1'
[2026-08-05 12:21:42] [INFO] Moved file: 'C:\Windows\Temp\chocolatey\chocoInstall\tools\chocolateyInstall\helpers\functions\Install-ChocolateyFileAssociation.ps1' -> 'C:\Users\labuser\Documents\Training\day3\quarantine\cleanup-20260805-122141\12ec474b4acc444cbaf018a4f4338d9f_Install-ChocolateyFileAssociation.ps1'
[2026-08-05 12:21:42] [INFO] Moved file: 'C:\Windows\Temp\chocolatey\chocoInstall\tools\chocolateyInstall\helpers\functions\Install-ChocolateyInstallPackage.ps1' -> 'C:\Users\labuser\Documents\Training\day3\quarantine\cleanup-20260805-122141\0beb8148dfdb40b38d546f253ddfb67e_Install-ChocolateyInstallPackage.ps1'
[2026-08-05 12:21:42] [INFO] Moved file: 'C:\Windows\Temp\chocolatey\chocoInstall\tools\chocolateyInstall\helpers\functions\Install-ChocolateyPackage.ps1' -> 'C:\Users\labuser\Documents\Training\day3\quarantine\cleanup-20260805-122141\f43905f520724a2c89cdebc0edbaddad_Install-ChocolateyPackage.ps1'
[2026-08-05 12:21:42] [INFO] Moved file: 'C:\Windows\Temp\chocolatey\chocoInstall\tools\chocolateyInstall\helpers\functions\Install-ChocolateyPath.ps1' -> 'C:\Users\labuser\Documents\Training\day3\quarantine\cleanup-20260805-122141\431cc20785c04b808e9b6b57e5ecc86a_Install-ChocolateyPath.ps1'
[2026-08-05 12:21:42] [INFO] Moved file: 'C:\Windows\Temp\chocolatey\chocoInstall\tools\chocolateyInstall\helpers\functions\Install-ChocolateyPinnedTaskBarItem.ps1' -> 'C:\Users\labuser\Documents\Training\day3\quarantine\cleanup-20260805-122141\c883e4855b3a459c9035250890b07d13_Install-ChocolateyPinnedTaskBarItem.ps1'
[2026-08-05 12:21:42] [INFO] Moved file: 'C:\Windows\Temp\chocolatey\chocoInstall\tools\chocolateyInstall\helpers\functions\Install-ChocolateyPowershellCommand.ps1' -> 'C:\Users\labuser\Documents\Training\day3\quarantine\cleanup-20260805-122141\cee44a7b8ecc4a14974b90d44b053ba0_Install-ChocolateyPowershellCommand.ps1'
[2026-08-05 12:21:42] [INFO] Moved file: 'C:\Windows\Temp\chocolatey\chocoInstall\tools\chocolateyInstall\helpers\functions\Install-ChocolateyShortcut.ps1' -> 'C:\Users\labuser\Documents\Training\day3\quarantine\cleanup-20260805-122141\a6e8af15767a46afab70d38250773025_Install-ChocolateyShortcut.ps1'
[2026-08-05 12:21:42] [INFO] Moved file: 'C:\Windows\Temp\chocolatey\chocoInstall\tools\chocolateyInstall\helpers\functions\Install-ChocolateyVsixPackage.ps1' -> 'C:\Users\labuser\Documents\Training\day3\quarantine\cleanup-20260805-122141\0aa0702a4e1c44a88d550d0aee98347f_Install-ChocolateyVsixPackage.ps1'
[2026-08-05 12:21:42] [INFO] Moved file: 'C:\Windows\Temp\chocolatey\chocoInstall\tools\chocolateyInstall\helpers\functions\Install-ChocolateyZipPackage.ps1' -> 'C:\Users\labuser\Documents\Training\day3\quarantine\cleanup-20260805-122141\fd07413bb6cc4b058b9d4c649aebd5de_Install-ChocolateyZipPackage.ps1'
[2026-08-05 12:21:42] [INFO] Moved file: 'C:\Windows\Temp\chocolatey\chocoInstall\tools\chocolateyInstall\helpers\functions\Install-Vsix.ps1' -> 'C:\Users\labuser\Documents\Training\day3\quarantine\cleanup-20260805-122141\0110d24ccc5b46f2b7aee4dd7b723121_Install-Vsix.ps1'
[2026-08-05 12:21:42] [INFO] Moved file: 'C:\Windows\Temp\chocolatey\chocoInstall\tools\chocolateyInstall\helpers\functions\Set-EnvironmentVariable.ps1' -> 'C:\Users\labuser\Documents\Training\day3\quarantine\cleanup-20260805-122141\2f2e6c8417d040e093180dc7c2ca22b8_Set-EnvironmentVariable.ps1'
[2026-08-05 12:21:42] [INFO] Moved file: 'C:\Windows\Temp\chocolatey\chocoInstall\tools\chocolateyInstall\helpers\functions\Set-PowerShellExitCode.ps1' -> 'C:\Users\labuser\Documents\Training\day3\quarantine\cleanup-20260805-122141\b0f04c450e934ca1b9ea282a804cefa6_Set-PowerShellExitCode.ps1'
[2026-08-05 12:21:42] [INFO] Moved file: 'C:\Windows\Temp\chocolatey\chocoInstall\tools\chocolateyInstall\helpers\functions\Start-ChocolateyProcessAsAdmin.ps1' -> 'C:\Users\labuser\Documents\Training\day3\quarantine\cleanup-20260805-122141\55b5469a0d9148499a3eeba289e42a2a_Start-ChocolateyProcessAsAdmin.ps1'
[2026-08-05 12:21:42] [INFO] Moved file: 'C:\Windows\Temp\chocolatey\chocoInstall\tools\chocolateyInstall\helpers\functions\Test-ProcessAdminRights.ps1' -> 'C:\Users\labuser\Documents\Training\day3\quarantine\cleanup-20260805-122141\128f4540d8de4b7c8141a892abb7e0ba_Test-ProcessAdminRights.ps1'
[2026-08-05 12:21:42] [INFO] Moved file: 'C:\Windows\Temp\chocolatey\chocoInstall\tools\chocolateyInstall\helpers\functions\Uninstall-BinFile.ps1' -> 'C:\Users\labuser\Documents\Training\day3\quarantine\cleanup-20260805-122141\b8f98f2bbe3641b88691d065f0f2ba6a_Uninstall-BinFile.ps1'
[2026-08-05 12:21:42] [INFO] Moved file: 'C:\Windows\Temp\chocolatey\chocoInstall\tools\chocolateyInstall\helpers\functions\Uninstall-ChocolateyEnvironmentVariable.ps1' -> 'C:\Users\labuser\Documents\Training\day3\quarantine\cleanup-20260805-122141\177046d78076416abc14214a48908eb3_Uninstall-ChocolateyEnvironmentVariable.ps1'
[2026-08-05 12:21:42] [INFO] Moved file: 'C:\Windows\Temp\chocolatey\chocoInstall\tools\chocolateyInstall\helpers\functions\Uninstall-ChocolateyPackage.ps1' -> 'C:\Users\labuser\Documents\Training\day3\quarantine\cleanup-20260805-122141\08588d72d3dc4ad482696998a2e12425_Uninstall-ChocolateyPackage.ps1'
[2026-08-05 12:21:42] [INFO] Moved file: 'C:\Windows\Temp\chocolatey\chocoInstall\tools\chocolateyInstall\helpers\functions\UnInstall-ChocolateyZipPackage.ps1' -> 'C:\Users\labuser\Documents\Training\day3\quarantine\cleanup-20260805-122141\064898ea588746c4bace75f2e7ea729d_UnInstall-ChocolateyZipPackage.ps1'
[2026-08-05 12:21:42] [INFO] Moved file: 'C:\Windows\Temp\chocolatey\chocoInstall\tools\chocolateyInstall\helpers\functions\Update-SessionEnvironment.ps1' -> 'C:\Users\labuser\Documents\Training\day3\quarantine\cleanup-20260805-122141\e95870fccc9042a0888251805d760111_Update-SessionEnvironment.ps1'
[2026-08-05 12:21:42] [INFO] Moved file: 'C:\Windows\Temp\chocolatey\chocoInstall\tools\chocolateyInstall\helpers\functions\Write-FunctionCallLogMessage.ps1' -> 'C:\Users\labuser\Documents\Training\day3\quarantine\cleanup-20260805-122141\859466579f5e43828bb8904c339885bb_Write-FunctionCallLogMessage.ps1'
[2026-08-05 12:21:42] [INFO] Moved file: 'C:\Windows\Temp\chocolatey\chocoInstall\tools\chocolateyInstall\redirects\choco.exe' -> 'C:\Users\labuser\Documents\Training\day3\quarantine\cleanup-20260805-122141\c7609cdc14ec42748c999db3019e8841_choco.exe'
[2026-08-05 12:21:42] [INFO] Moved file: 'C:\Windows\Temp\chocolatey\chocoInstall\tools\chocolateyInstall\redirects\choco.exe.ignore' -> 'C:\Users\labuser\Documents\Training\day3\quarantine\cleanup-20260805-122141\d46487a7b3884165923ccbe24d982263_choco.exe.ignore'
[2026-08-05 12:21:42] [INFO] Moved file: 'C:\Windows\Temp\chocolatey\chocoInstall\tools\chocolateyInstall\redirects\chocolatey.exe' -> 'C:\Users\labuser\Documents\Training\day3\quarantine\cleanup-20260805-122141\b2cf4f44bf35474b984c193951b32efa_chocolatey.exe'
[2026-08-05 12:21:42] [INFO] Moved file: 'C:\Windows\Temp\chocolatey\chocoInstall\tools\chocolateyInstall\redirects\chocolatey.exe.ignore' -> 'C:\Users\labuser\Documents\Training\day3\quarantine\cleanup-20260805-122141\da9fbf3fcaef4a02ae70f3b8319437f7_chocolatey.exe.ignore'
[2026-08-05 12:21:42] [INFO] Moved file: 'C:\Windows\Temp\chocolatey\chocoInstall\tools\chocolateyInstall\redirects\cinst.exe' -> 'C:\Users\labuser\Documents\Training\day3\quarantine\cleanup-20260805-122141\cd0cd9929938456b944868690e1656b7_cinst.exe'
[2026-08-05 12:21:42] [INFO] Moved file: 'C:\Windows\Temp\chocolatey\chocoInstall\tools\chocolateyInstall\redirects\cinst.exe.ignore' -> 'C:\Users\labuser\Documents\Training\day3\quarantine\cleanup-20260805-122141\ca54fd74469d47f691bfdbf9b8e4beba_cinst.exe.ignore'
[2026-08-05 12:21:42] [INFO] Moved file: 'C:\Windows\Temp\chocolatey\chocoInstall\tools\chocolateyInstall\redirects\clist.exe' -> 'C:\Users\labuser\Documents\Training\day3\quarantine\cleanup-20260805-122141\a6e4b4dc47c54e1ead4b4bbec827125d_clist.exe'
[2026-08-05 12:21:42] [INFO] Moved file: 'C:\Windows\Temp\chocolatey\chocoInstall\tools\chocolateyInstall\redirects\clist.exe.ignore' -> 'C:\Users\labuser\Documents\Training\day3\quarantine\cleanup-20260805-122141\532ae67735e04f608491d34023d07161_clist.exe.ignore'
[2026-08-05 12:21:42] [INFO] Moved file: 'C:\Windows\Temp\chocolatey\chocoInstall\tools\chocolateyInstall\redirects\cpush.exe' -> 'C:\Users\labuser\Documents\Training\day3\quarantine\cleanup-20260805-122141\b0c956a6349a40058011b223b02dc66b_cpush.exe'
[2026-08-05 12:21:42] [INFO] Moved file: 'C:\Windows\Temp\chocolatey\chocoInstall\tools\chocolateyInstall\redirects\cpush.exe.ignore' -> 'C:\Users\labuser\Documents\Training\day3\quarantine\cleanup-20260805-122141\0db49bb28e774728b3dcc64bbf4cbb01_cpush.exe.ignore'
[2026-08-05 12:21:42] [INFO] Moved file: 'C:\Windows\Temp\chocolatey\chocoInstall\tools\chocolateyInstall\redirects\cuninst.exe' -> 'C:\Users\labuser\Documents\Training\day3\quarantine\cleanup-20260805-122141\4a7f76ac40e845a89ffe9479a8f58523_cuninst.exe'
[2026-08-05 12:21:42] [INFO] Moved file: 'C:\Windows\Temp\chocolatey\chocoInstall\tools\chocolateyInstall\redirects\cuninst.exe.ignore' -> 'C:\Users\labuser\Documents\Training\day3\quarantine\cleanup-20260805-122141\c71d7e65466f4425b08c099f1a18574c_cuninst.exe.ignore'
[2026-08-05 12:21:42] [INFO] Moved file: 'C:\Windows\Temp\chocolatey\chocoInstall\tools\chocolateyInstall\redirects\cup.exe' -> 'C:\Users\labuser\Documents\Training\day3\quarantine\cleanup-20260805-122141\1b71ba364ac24f8fb4d1c32c97662e5e_cup.exe'
[2026-08-05 12:21:42] [INFO] Moved file: 'C:\Windows\Temp\chocolatey\chocoInstall\tools\chocolateyInstall\redirects\cup.exe.ignore' -> 'C:\Users\labuser\Documents\Training\day3\quarantine\cleanup-20260805-122141\05216e1c13cf403b8580a78b91a6ca37_cup.exe.ignore'
[2026-08-05 12:21:42] [INFO] Moved file: 'C:\Windows\Temp\chocolatey\chocoInstall\tools\chocolateyInstall\redirects\RefreshEnv.cmd' -> 'C:\Users\labuser\Documents\Training\day3\quarantine\cleanup-20260805-122141\f4db6fdc84b94ccb902a204ac639b355_RefreshEnv.cmd'
[2026-08-05 12:21:42] [INFO] Moved file: 'C:\Windows\Temp\chocolatey\chocoInstall\tools\chocolateyInstall\tools\7z.dll' -> 'C:\Users\labuser\Documents\Training\day3\quarantine\cleanup-20260805-122141\7a4b6fc7fc0a4bae8be4ecc5568445db_7z.dll'
[2026-08-05 12:21:42] [INFO] Moved file: 'C:\Windows\Temp\chocolatey\chocoInstall\tools\chocolateyInstall\tools\7z.dll.manifest' -> 'C:\Users\labuser\Documents\Training\day3\quarantine\cleanup-20260805-122141\5ef3908ae33d4c04bc4df48283a91c05_7z.dll.manifest'
[2026-08-05 12:21:42] [INFO] Moved file: 'C:\Windows\Temp\chocolatey\chocoInstall\tools\chocolateyInstall\tools\7z.exe' -> 'C:\Users\labuser\Documents\Training\day3\quarantine\cleanup-20260805-122141\44629a533b34490d8e782bdc4d5d6126_7z.exe'
[2026-08-05 12:21:42] [INFO] Moved file: 'C:\Windows\Temp\chocolatey\chocoInstall\tools\chocolateyInstall\tools\7z.exe.ignore' -> 'C:\Users\labuser\Documents\Training\day3\quarantine\cleanup-20260805-122141\77d45c3a0c944c7d9b70b4a9fc5661be_7z.exe.ignore'
[2026-08-05 12:21:42] [INFO] Moved file: 'C:\Windows\Temp\chocolatey\chocoInstall\tools\chocolateyInstall\tools\7z.exe.manifest' -> 'C:\Users\labuser\Documents\Training\day3\quarantine\cleanup-20260805-122141\a41174306de34b6482a2b0015252d59a_7z.exe.manifest'
[2026-08-05 12:21:42] [INFO] Moved file: 'C:\Windows\Temp\chocolatey\chocoInstall\tools\chocolateyInstall\tools\7zip.license.txt' -> 'C:\Users\labuser\Documents\Training\day3\quarantine\cleanup-20260805-122141\37c81c8cc7d64fa4a9d0bbde011721cb_7zip.license.txt'
[2026-08-05 12:21:42] [INFO] Moved file: 'C:\Windows\Temp\chocolatey\chocoInstall\tools\chocolateyInstall\tools\checksum.exe' -> 'C:\Users\labuser\Documents\Training\day3\quarantine\cleanup-20260805-122141\ddb6cb74171d4c5d9a0e80906ef8519a_checksum.exe'
[2026-08-05 12:21:42] [INFO] Moved file: 'C:\Windows\Temp\chocolatey\chocoInstall\tools\chocolateyInstall\tools\checksum.exe.config' -> 'C:\Users\labuser\Documents\Training\day3\quarantine\cleanup-20260805-122141\c2f76394a88c4995a621a79958ffefb1_checksum.exe.config'
[2026-08-05 12:21:42] [INFO] Moved file: 'C:\Windows\Temp\chocolatey\chocoInstall\tools\chocolateyInstall\tools\checksum.exe.ignore' -> 'C:\Users\labuser\Documents\Training\day3\quarantine\cleanup-20260805-122141\1df6779efb0a49c3b231ed59893b7f95_checksum.exe.ignore'
[2026-08-05 12:21:42] [INFO] Moved file: 'C:\Windows\Temp\chocolatey\chocoInstall\tools\chocolateyInstall\tools\checksum.license.txt' -> 'C:\Users\labuser\Documents\Training\day3\quarantine\cleanup-20260805-122141\e2e4516d34524d8fb1520b79ba297b37_checksum.license.txt'
[2026-08-05 12:21:42] [INFO] Moved file: 'C:\Windows\Temp\chocolatey\chocoInstall\tools\chocolateyInstall\tools\shimgen.exe' -> 'C:\Users\labuser\Documents\Training\day3\quarantine\cleanup-20260805-122141\3446372455854d1983224e118eebb383_shimgen.exe'
[2026-08-05 12:21:42] [INFO] Moved file: 'C:\Windows\Temp\chocolatey\chocoInstall\tools\chocolateyInstall\tools\shimgen.exe.ignore' -> 'C:\Users\labuser\Documents\Training\day3\quarantine\cleanup-20260805-122141\632cd42e022041269a6df89f0635f9dc_shimgen.exe.ignore'
[2026-08-05 12:21:42] [INFO] Moved file: 'C:\Windows\Temp\chocolatey\chocoInstall\tools\chocolateyInstall\tools\shimgen.license.txt' -> 'C:\Users\labuser\Documents\Training\day3\quarantine\cleanup-20260805-122141\5bfe422d202d442990ca46db8707e81d_shimgen.license.txt'
[2026-08-05 12:21:42] [INFO] Moved file: 'C:\Windows\Temp\chocolatey\chocoInstall\_rels\.rels' -> 'C:\Users\labuser\Documents\Training\day3\quarantine\cleanup-20260805-122141\dc7cdadfc5f041fd9e64ae2e4646cbfd_.rels'
[2026-08-05 12:21:42] [INFO] Moved file: 'C:\Windows\Temp\chocolatey\vscode.install\1.131.0\install.log' -> 'C:\Users\labuser\Documents\Training\day3\quarantine\cleanup-20260805-122141\33ae410544c949589414dbdc95c11fdb_install.log'
[2026-08-05 12:21:42] [INFO] Moved file: 'C:\Windows\Temp\chocolatey\vscode.install\1.131.0\VSCodeSetup-x64-1.131.0.exe' -> 'C:\Users\labuser\Documents\Training\day3\quarantine\cleanup-20260805-122141\7ae75ee605ae46e7887571a87b7a0dd8_VSCodeSetup-x64-1.131.0.exe'
[2026-08-05 12:21:42] [INFO] Manifest created: C:\Users\labuser\Documents\Training\day3\quarantine\cleanup-20260805-122141\manifest-20260805-122141.json
[2026-08-05 12:21:42] [INFO] Run summary:
[2026-08-05 12:21:42] [INFO]   Mode: cleanup
[2026-08-05 12:21:42] [INFO]   TargetFoldersScanned: 2
[2026-08-05 12:21:42] [INFO]   FilesEnumerated: 99
[2026-08-05 12:21:42] [INFO]   FilesEligible: 99
[2026-08-05 12:21:42] [INFO]   FilesMoved: 98
[2026-08-05 12:21:42] [INFO]   FilesRestored: 0
[2026-08-05 12:21:42] [INFO]   DryRunWouldMove: 0
[2026-08-05 12:21:42] [INFO]   SkippedTooNew: 0
[2026-08-05 12:21:42] [INFO]   SkippedLocked: 1
[2026-08-05 12:21:42] [INFO]   SkippedSafety: 0
[2026-08-05 12:21:42] [INFO]   SkippedMissingBackup: 0
[2026-08-05 12:21:42] [INFO]   SkippedAlreadyPresent: 0
[2026-08-05 12:21:42] [INFO]   Errors: 0
[2026-08-05 12:21:42] [INFO]   ManifestPath: C:\Users\labuser\Documents\Training\day3\quarantine\cleanup-20260805-122141\manifest-20260805-122141.json
[2026-08-05 12:21:42] [INFO]   LogFile: C:\Users\labuser\Documents\Training\day3\logs\temp-file-cleanup-cleanup-20260805-122141.log
